{"version":9,"type":"context-options","origin":"library","browserName":"chromium","playwrightVersion":"1.63.0","options":{"noDefaultViewport":false,"viewport":{"width":1280,"height":720},"ignoreHTTPSErrors":false,"javaScriptEnabled":true,"bypassCSP":false,"locale":"en-US","offline":false,"isMobile":false,"hasTouch":false,"colorScheme":"light","reducedMotion":"no-preference","forcedColors":"none","acceptDownloads":"accept","contrast":"no-preference","recordVideo":{"dir":"/home/runner/work/Test-ReportsHub/Test-ReportsHub/ci-results/artifacts/.playwright-artifacts-21"},"serviceWorkers":"allow","selectorEngines":[],"testIdAttributeName":"data-testid"},"platform":"linux","wallTime":1790045101982,"monotonicTime":877556.349,"sdkLanguage":"javascript","testIdAttributeName":"data-testid","title":"projects/dispatch/test-plans/administrative-functions/admin-functions-crud.spec.ts:154 › Administrative Functions — Create/Edit verification (2026-06-17 session) › Site Type › Edit Site Type"}
{"type":"before","callId":"call@9","startTime":877616.78,"class":"BrowserContext","method":"newPage","params":{},"stepId":"pw:api@43"}
{"type":"event","time":877644.7,"class":"BrowserContext","method":"page","params":{"pageId":"page@127d8cd3df79732f95ee32d9c67541eb"}}
{"type":"after","callId":"call@9","endTime":877644.803,"result":{"page":"<Page>"}}
{"type":"before","callId":"call@11","startTime":877648.526,"class":"Frame","method":"goto","params":{"url":"https://ncdoh-dispatcher-adminportal-qa.shesha.app/login","waitUntil":"load"},"stepId":"pw:api@44"}
{"type":"frame-snapshot","snapshot":{"callId":"call@11","phase":"before","pageId":"page@127d8cd3df79732f95ee32d9c67541eb","frameId":"frame@6965d4425e48152b813c590c7bfd7eb9","frameUrl":"about:blank","html":["HTML",{},["HEAD",{},["BASE",{"href":"about:blank"}]],["BODY"]],"viewport":{"width":1280,"height":720},"timestamp":877650.618,"wallTime":1790045102075,"collectionTime":0.8000000007450581,"resourceOverrides":[],"isMainFrame":true}}
{"type":"log","callId":"call@11","time":877651.743,"message":"navigating to \"https://ncdoh-dispatcher-adminportal-qa.shesha.app/login\", waiting until \"load\""}
{"type":"screencast-frame","pageId":"page@127d8cd3df79732f95ee32d9c67541eb","file":"screencast/page@127d8cd3df79732f95ee32d9c67541eb-1790045103286.jpeg","width":1280,"height":720,"timestamp":878860.603,"frameSwapWallTime":1790045103283.476}
{"type":"screencast-frame","pageId":"page@127d8cd3df79732f95ee32d9c67541eb","file":"screencast/page@127d8cd3df79732f95ee32d9c67541eb-1790045103506.jpeg","width":1280,"height":720,"timestamp":879080.4,"frameSwapWallTime":1790045103503.326}
{"type":"screencast-frame","pageId":"page@127d8cd3df79732f95ee32d9c67541eb","file":"screencast/page@127d8cd3df79732f95ee32d9c67541eb-1790045103721.jpeg","width":1280,"height":720,"timestamp":879295.966,"frameSwapWallTime":1790045103719.471}
{"type":"screencast-frame","pageId":"page@127d8cd3df79732f95ee32d9c67541eb","file":"screencast/page@127d8cd3df79732f95ee32d9c67541eb-1790045103938.jpeg","width":1280,"height":720,"timestamp":879512.689,"frameSwapWallTime":1790045103936.144}
{"type":"screencast-frame","pageId":"page@127d8cd3df79732f95ee32d9c67541eb","file":"screencast/page@127d8cd3df79732f95ee32d9c67541eb-1790045104189.jpeg","width":1280,"height":720,"timestamp":879763.887,"frameSwapWallTime":1790045104186.859}
{"type":"screencast-frame","pageId":"page@127d8cd3df79732f95ee32d9c67541eb","file":"screencast/page@127d8cd3df79732f95ee32d9c67541eb-1790045104390.jpeg","width":1280,"height":720,"timestamp":879964.713,"frameSwapWallTime":1790045104387.969}
{"type":"screencast-frame","pageId":"page@127d8cd3df79732f95ee32d9c67541eb","file":"screencast/page@127d8cd3df79732f95ee32d9c67541eb-1790045104590.jpeg","width":1280,"height":720,"timestamp":880164.924,"frameSwapWallTime":1790045104588.269}
{"type":"screencast-frame","pageId":"page@127d8cd3df79732f95ee32d9c67541eb","file":"screencast/page@127d8cd3df79732f95ee32d9c67541eb-1790045104805.jpeg","width":1280,"height":720,"timestamp":880380.284,"frameSwapWallTime":1790045104803.191}
{"type":"screencast-frame","pageId":"page@127d8cd3df79732f95ee32d9c67541eb","file":"screencast/page@127d8cd3df79732f95ee32d9c67541eb-1790045105021.jpeg","width":1280,"height":720,"timestamp":880596.188,"frameSwapWallTime":1790045105019.5552}
{"type":"screencast-frame","pageId":"page@127d8cd3df79732f95ee32d9c67541eb","file":"screencast/page@127d8cd3df79732f95ee32d9c67541eb-1790045105242.jpeg","width":1280,"height":720,"timestamp":880816.904,"frameSwapWallTime":1790045105240.531}
{"type":"screencast-frame","pageId":"page@127d8cd3df79732f95ee32d9c67541eb","file":"screencast/page@127d8cd3df79732f95ee32d9c67541eb-1790045105493.jpeg","width":1280,"height":720,"timestamp":881067.928,"frameSwapWallTime":1790045105490.2239}
{"type":"screencast-frame","pageId":"page@127d8cd3df79732f95ee32d9c67541eb","file":"screencast/page@127d8cd3df79732f95ee32d9c67541eb-1790045105705.jpeg","width":1280,"height":720,"timestamp":881279.895,"frameSwapWallTime":1790045105702.975}
{"type":"screencast-frame","pageId":"page@127d8cd3df79732f95ee32d9c67541eb","file":"screencast/page@127d8cd3df79732f95ee32d9c67541eb-1790045105907.jpeg","width":1280,"height":720,"timestamp":881481.391,"frameSwapWallTime":1790045105904.324}
