{"version":9,"type":"context-options","origin":"library","browserName":"chromium","playwrightVersion":"1.63.0","options":{"noDefaultViewport":false,"viewport":{"width":1280,"height":720},"ignoreHTTPSErrors":false,"javaScriptEnabled":true,"bypassCSP":false,"locale":"en-US","offline":false,"isMobile":false,"hasTouch":false,"colorScheme":"light","reducedMotion":"no-preference","forcedColors":"none","acceptDownloads":"accept","contrast":"no-preference","recordVideo":{"dir":"/home/runner/work/Test-ReportsHub/Test-ReportsHub/ci-results/artifacts/.playwright-artifacts-7"},"serviceWorkers":"allow","selectorEngines":[],"testIdAttributeName":"data-testid"},"platform":"linux","wallTime":1790909235800,"monotonicTime":286601.743,"sdkLanguage":"javascript","testIdAttributeName":"data-testid","title":"projects/dispatch/test-plans/administrative-functions/crews.spec.ts:172 › ADMIN-2.13 — Crews › TC-08: Save edit in details view"}
{"type":"before","callId":"call@9","startTime":286612.348,"class":"BrowserContext","method":"newPage","params":{},"stepId":"pw:api@43"}
{"type":"event","time":286639.053,"class":"BrowserContext","method":"page","params":{"pageId":"page@78fec835ae7519feedcd755f689a073f"}}
{"type":"after","callId":"call@9","endTime":286639.146,"result":{"page":"<Page>"}}
{"type":"before","callId":"call@11","startTime":286643.08,"class":"Frame","method":"goto","params":{"url":"https://ncdoh-dispatcher-adminportal-qa.shesha.app/login","waitUntil":"load"},"stepId":"pw:api@44"}
{"type":"frame-snapshot","snapshot":{"callId":"call@11","phase":"before","pageId":"page@78fec835ae7519feedcd755f689a073f","frameId":"frame@00badb54f52c5ac864a40d9b4e422e78","frameUrl":"about:blank","html":["HTML",{},["HEAD",{},["BASE",{"href":"about:blank"}]],["BODY"]],"viewport":{"width":1280,"height":720},"timestamp":286644.907,"wallTime":1790909235843,"collectionTime":0.7000000001862645,"resourceOverrides":[],"isMainFrame":true}}
{"type":"log","callId":"call@11","time":286646.486,"message":"navigating to \"https://ncdoh-dispatcher-adminportal-qa.shesha.app/login\", waiting until \"load\""}
{"type":"screencast-frame","pageId":"page@78fec835ae7519feedcd755f689a073f","file":"screencast/page@78fec835ae7519feedcd755f689a073f-1790909235886.jpeg","width":1280,"height":720,"timestamp":286687.997,"frameSwapWallTime":1790909235883.7832}
{"type":"screencast-frame","pageId":"page@78fec835ae7519feedcd755f689a073f","file":"screencast/page@78fec835ae7519feedcd755f689a073f-1790909237193.jpeg","width":1280,"height":720,"timestamp":287995.372,"frameSwapWallTime":1790909237191.457}
{"type":"screencast-frame","pageId":"page@78fec835ae7519feedcd755f689a073f","file":"screencast/page@78fec835ae7519feedcd755f689a073f-1790909237450.jpeg","width":1280,"height":720,"timestamp":288251.926,"frameSwapWallTime":1790909237447.9219}
{"type":"screencast-frame","pageId":"page@78fec835ae7519feedcd755f689a073f","file":"screencast/page@78fec835ae7519feedcd755f689a073f-1790909237653.jpeg","width":1280,"height":720,"timestamp":288455.061,"frameSwapWallTime":1790909237651.628}
{"type":"screencast-frame","pageId":"page@78fec835ae7519feedcd755f689a073f","file":"screencast/page@78fec835ae7519feedcd755f689a073f-1790909237869.jpeg","width":1280,"height":720,"timestamp":288671.212,"frameSwapWallTime":1790909237867.871}
{"type":"screencast-frame","pageId":"page@78fec835ae7519feedcd755f689a073f","file":"screencast/page@78fec835ae7519feedcd755f689a073f-1790909238070.jpeg","width":1280,"height":720,"timestamp":288871.566,"frameSwapWallTime":1790909238068.079}
{"type":"screencast-frame","pageId":"page@78fec835ae7519feedcd755f689a073f","file":"screencast/page@78fec835ae7519feedcd755f689a073f-1790909238270.jpeg","width":1280,"height":720,"timestamp":289071.5,"frameSwapWallTime":1790909238267.916}
{"type":"screencast-frame","pageId":"page@78fec835ae7519feedcd755f689a073f","file":"screencast/page@78fec835ae7519feedcd755f689a073f-1790909238486.jpeg","width":1280,"height":720,"timestamp":289287.859,"frameSwapWallTime":1790909238484.504}
{"type":"screencast-frame","pageId":"page@78fec835ae7519feedcd755f689a073f","file":"screencast/page@78fec835ae7519feedcd755f689a073f-1790909238687.jpeg","width":1280,"height":720,"timestamp":289489.328,"frameSwapWallTime":1790909238685.562}
{"type":"screencast-frame","pageId":"page@78fec835ae7519feedcd755f689a073f","file":"screencast/page@78fec835ae7519feedcd755f689a073f-1790909238890.jpeg","width":1280,"height":720,"timestamp":289692.396,"frameSwapWallTime":1790909238887.392}
{"type":"screencast-frame","pageId":"page@78fec835ae7519feedcd755f689a073f","file":"screencast/page@78fec835ae7519feedcd755f689a073f-1790909239103.jpeg","width":1280,"height":720,"timestamp":289904.999,"frameSwapWallTime":1790909239101.4011}
{"type":"screencast-frame","pageId":"page@78fec835ae7519feedcd755f689a073f","file":"screencast/page@78fec835ae7519feedcd755f689a073f-1790909239357.jpeg","width":1280,"height":720,"timestamp":290158.74,"frameSwapWallTime":1790909239354.131}
{"type":"screencast-frame","pageId":"page@78fec835ae7519feedcd755f689a073f","file":"screencast/page@78fec835ae7519feedcd755f689a073f-1790909239571.jpeg","width":1280,"height":720,"timestamp":290372.655,"frameSwapWallTime":1790909239568.017}
{"type":"screencast-frame","pageId":"page@78fec835ae7519feedcd755f689a073f","file":"screencast/page@78fec835ae7519feedcd755f689a073f-1790909239786.jpeg","width":1280,"height":720,"timestamp":290588.129,"frameSwapWallTime":1790909239784.655}
